2025-04-30 22:08:28,289 - ERROR - Ошибка инициализации драйвера: 'AdvancedWildberriesScraper' object has no attribute 'ua'
2025-04-30 22:14:03,836 - INFO - ====== WebDriver manager ======
2025-04-30 22:14:05,251 - INFO - Get LATEST chromedriver version for google-chrome
2025-04-30 22:14:05,481 - INFO - Get LATEST chromedriver version for google-chrome
2025-04-30 22:14:05,836 - INFO - Driver [C:\Users\nikit\.wdm\drivers\chromedriver\win64\135.0.7049.114\chromedriver-win32/chromedriver.exe] found in cache
2025-04-30 22:14:07,132 - INFO - Драйвер успешно инициализирован
2025-04-30 22:14:23,024 - INFO - Начинаем сбор данных для запроса: 'холодильник'...
2025-04-30 22:14:25,048 - INFO - Загружаем страницу 1 (попытка 1): https://www.wildberries.ru/catalog/0/search.aspx?page=1&sort=popular&search=холодильник
2025-04-30 22:14:45,916 - INFO - Страница 1: собрано 0 товаров (уникальных: 0)
2025-04-30 22:14:46,129 - INFO - Загружаем страницу 2 (попытка 1): https://www.wildberries.ru/catalog/0/search.aspx?page=2&sort=popular&search=холодильник
2025-04-30 22:15:01,089 - INFO - Страница 2: собрано 0 товаров (уникальных: 0)
2025-04-30 22:15:01,089 - WARNING - Не удалось собрать данные. Попробуйте изменить параметры.
2025-04-30 22:15:03,354 - INFO - Браузер закрыт
2025-04-30 22:15:03,356 - INFO - ==================================================
2025-04-30 22:15:03,356 - INFO - Запуск Wildberries Scraper
2025-04-30 22:15:03,356 - INFO - Конфигурация: {'use_proxy': False, 'headless': True, 'save_format': 'both', 'output_dir': 'wb_data', 'max_pages': 5, 'timeout': 30}
2025-04-30 22:15:03,357 - INFO - Создана директория для результатов: wb_data
2025-04-30 22:15:03,357 - INFO - Инициализация драйвера...
2025-04-30 22:15:03,437 - INFO - ====== WebDriver manager ======
2025-04-30 22:15:04,918 - INFO - Get LATEST chromedriver version for google-chrome
2025-04-30 22:15:05,078 - INFO - Get LATEST chromedriver version for google-chrome
2025-04-30 22:15:05,304 - INFO - Driver [C:\Users\nikit\.wdm\drivers\chromedriver\win64\135.0.7049.114\chromedriver-win32/chromedriver.exe] found in cache
2025-04-30 22:15:06,742 - INFO - Драйвер успешно инициализирован
2025-04-30 22:15:06,751 - INFO - Драйвер успешно инициализирован
2025-04-30 22:15:19,558 - INFO - Начало сбора данных для запроса: 'холодильник'
2025-04-30 22:15:19,558 - INFO - Будет обработано страниц: 1
2025-04-30 22:15:21,558 - INFO - Загружаем страницу 1 (попытка 1): https://www.wildberries.ru/catalog/0/search.aspx?page=1&sort=popular&search=холодильник
2025-04-30 22:15:42,414 - INFO - Страница 1: собрано 0 товаров (уникальных: 0)
2025-04-30 22:15:42,414 - WARNING - Не удалось собрать данные. Проверьте запрос или попробуйте позже.
2025-04-30 22:15:44,643 - INFO - Браузер закрыт
2025-04-30 22:15:44,643 - INFO - Драйвер успешно закрыт
2025-04-30 22:15:44,643 - INFO - Работа скрапера завершена
2025-04-30 22:15:44,644 - INFO - ==================================================
2025-04-30 22:20:26,638 - INFO - ====== WebDriver manager ======
2025-04-30 22:20:28,016 - INFO - Get LATEST chromedriver version for google-chrome
2025-04-30 22:20:28,237 - INFO - Get LATEST chromedriver version for google-chrome
2025-04-30 22:20:28,471 - INFO - Driver [C:\Users\nikit\.wdm\drivers\chromedriver\win64\135.0.7049.114\chromedriver-win32/chromedriver.exe] found in cache
2025-04-30 22:21:04,129 - INFO - Загружаем страницу 1: https://www.wildberries.ru/catalog/0/search.aspx?page=1&sort=popular&search=холодильник
2025-04-30 22:21:04,131 - ERROR - Ошибка на странице 1: Message: no such window: target window already closed
from unknown error: web view not found
  (Session info: chrome=135.0.7049.86)
Stacktrace:
	GetHandleVerifier [0x00B2D363+60275]
	GetHandleVerifier [0x00B2D3A4+60340]
	(No symbol) [0x009606F3]
	(No symbol) [0x0093FBEE]
	(No symbol) [0x009D3BDE]
	(No symbol) [0x009EDFE9]
	(No symbol) [0x009CCE86]
	(No symbol) [0x0099C623]
	(No symbol) [0x0099D474]
	GetHandleVerifier [0x00D78FE3+2467827]
	GetHandleVerifier [0x00D745E6+2448886]
	GetHandleVerifier [0x00D8F80C+2560028]
	GetHandleVerifier [0x00B43DF5+153093]
	GetHandleVerifier [0x00B4A3BD+179149]
	GetHandleVerifier [0x00B34BB8+91080]
	GetHandleVerifier [0x00B34D60+91504]
	GetHandleVerifier [0x00B1FA10+4640]
	BaseThreadInitThunk [0x779DFCC9+25]
	RtlGetAppContainerNamedObjectPath [0x77B282AE+286]
	RtlGetAppContainerNamedObjectPath [0x77B2827E+238]

2025-04-30 22:21:04,133 - ERROR - Ошибка на странице 2: Message: no such window: target window already closed
from unknown error: web view not found
  (Session info: chrome=135.0.7049.86)
Stacktrace:
	GetHandleVerifier [0x00B2D363+60275]
	GetHandleVerifier [0x00B2D3A4+60340]
	(No symbol) [0x009606F3]
	(No symbol) [0x0093FBEE]
	(No symbol) [0x009D3BDE]
	(No symbol) [0x009EDFE9]
	(No symbol) [0x009CCE86]
	(No symbol) [0x0099C623]
	(No symbol) [0x0099D474]
	GetHandleVerifier [0x00D78FE3+2467827]
	GetHandleVerifier [0x00D745E6+2448886]
	GetHandleVerifier [0x00D8F80C+2560028]
	GetHandleVerifier [0x00B43DF5+153093]
	GetHandleVerifier [0x00B4A3BD+179149]
	GetHandleVerifier [0x00B34BB8+91080]
	GetHandleVerifier [0x00B34D60+91504]
	GetHandleVerifier [0x00B1FA10+4640]
	BaseThreadInitThunk [0x779DFCC9+25]
	RtlGetAppContainerNamedObjectPath [0x77B282AE+286]
	RtlGetAppContainerNamedObjectPath [0x77B2827E+238]

2025-04-30 22:21:06,364 - INFO - Браузер закрыт
2025-04-30 22:28:05,779 - INFO - ====== WebDriver manager ======
2025-04-30 22:28:07,163 - INFO - Get LATEST chromedriver version for google-chrome
2025-04-30 22:28:07,347 - INFO - Get LATEST chromedriver version for google-chrome
2025-04-30 22:28:07,528 - INFO - Driver [C:\Users\nikit\.wdm\drivers\chromedriver\win64\135.0.7049.114\chromedriver-win32/chromedriver.exe] found in cache
2025-04-30 22:28:08,870 - INFO - Скрапер успешно инициализирован
2025-04-30 22:28:49,975 - INFO - ====== WebDriver manager ======
2025-04-30 22:28:51,551 - INFO - Get LATEST chromedriver version for google-chrome
2025-04-30 22:28:51,780 - INFO - Get LATEST chromedriver version for google-chrome
2025-04-30 22:28:51,992 - INFO - Driver [C:\Users\nikit\.wdm\drivers\chromedriver\win64\135.0.7049.114\chromedriver-win32/chromedriver.exe] found in cache
2025-04-30 22:28:53,433 - WARNING - Драйвер перезапущен
2025-04-30 22:28:54,297 - INFO - Загружаем страницу 1 (попытка 1): https://www.wildberries.ru/catalog/0/search.aspx?page=1&sort=popular&search=холодильник
2025-04-30 22:29:08,292 - INFO - Страница 1: собрано 0 товаров (уникальных: 0)
2025-04-30 22:29:08,503 - INFO - Загружаем страницу 2 (попытка 1): https://www.wildberries.ru/catalog/0/search.aspx?page=2&sort=popular&search=холодильник
2025-04-30 22:29:24,041 - INFO - Страница 2: собрано 0 товаров (уникальных: 0)
2025-04-30 22:29:26,327 - INFO - Браузер корректно закрыт
